// Vitest Snapshot v1, https://vitest.dev/guide/snapshot.html

exports[`matches snapshot 1`] = `
<div>
  <div
    class="Coin"
  >
    <h4
      class="Coin-title"
    >
      Heads
    </h4>
    <img
      alt="Heads"
      class="Coin-image"
      src="https://coinsofamerica.com/wp-content/uploads/state-quarter-d-mint.jpg"
    />
  </div>
</div>
`;
